[backblue.gif]
[fade.gif]
[index.html]
[localhost/prueba01/feed/index.html]
[localhost/prueba01/comments/feed/index.html]
[localhost/prueba01/pagina-ejemplo/feed/index.html]
[localhost/prueba01/wp-includes/js/jquery/jquery4a5f.js]
[localhost/prueba01/wp-includes/js/jquery/jquery-migrate.min330a.js]
[localhost/prueba01/wp-content/plugins/sticky-header-effects-for-elementor/assets/js/she-header9e1e.js]
[localhost/prueba01/xmlrpc0db0.php]
[localhost/prueba01/wp-includes/wlwmanifest.xml]
[localhost/prueba01/wp-json/oembed/1.0/embed29a3.json]
[localhost/prueba01/wp-json/index.html]
[localhost/prueba01/wp-json/oembed/1.0/embed0567]
[localhost/prueba01/wp-content/uploads/2020/04/interbank.png]
[localhost/prueba01/wp-includes/js/wp-embed.min91d5.js]
[localhost/prueba01/wp-content/plugins/elementor-pro/assets/lib/smartmenus/jquery.smartmenus.minf269.js]
[localhost/prueba01/wp-content/plugins/elementor/assets/js/frontend-modules.minc867.js]
[localhost/prueba01/wp-content/plugins/elementor-pro/assets/lib/sticky/jquery.sticky.minbf47.js]
[localhost/prueba01/wp-content/plugins/elementor-pro/assets/js/frontend.minbf47.js]
[localhost/prueba01/wp-includes/js/jquery/ui/position.mine899.js]
[localhost/prueba01/wp-content/plugins/elementor/assets/lib/dialog/dialog.minae9e.js]
[localhost/prueba01/wp-content/plugins/elementor/assets/lib/waypoints/waypoints.min05da.js]
[localhost/prueba01/wp-content/plugins/elementor/assets/lib/swiper/swiper.min48f5.js]
[localhost/prueba01/wp-content/plugins/elementor/assets/lib/share-link/share-link.minc867.js]
[localhost/prueba01/wp-content/plugins/elementor/assets/js/frontend.minc867.js]
[localhost/prueba01/index.html]
[localhost/prueba01/wp-includes/css/dist/block-library/style.min91d5.css]
[localhost/prueba01/wp-content/themes/hello-elementor/style.min3601.css]
[localhost/prueba01/wp-content/themes/hello-elementor/theme.min3601.css]
[localhost/prueba01/wp-content/plugins/elementor/assets/lib/eicons/fonts/eicons2cbf.eot]
[localhost/prueba01/wp-content/plugins/elementor/assets/lib/eicons/fonts/eicons2cbf.woff2]
[localhost/prueba01/wp-content/plugins/elementor/assets/lib/eicons/fonts/eicons2cbf.woff]
[localhost/prueba01/wp-content/plugins/elementor/assets/lib/eicons/fonts/eicons2cbf.ttf]
[localhost/prueba01/wp-content/plugins/elementor/assets/lib/eicons/css/elementor-icons.min4c7e.css]
[localhost/prueba01/wp-content/plugins/elementor/assets/lib/animations/animations.minc867.css]
[localhost/prueba01/wp-content/plugins/elementor/assets/css/frontend.minc867.css]
[localhost/prueba01/wp-content/plugins/elementor-pro/assets/css/frontend.minbf47.css]
[localhost/prueba01/wp-content/plugins/sticky-header-effects-for-elementor/assets/css/she-header-style9e1e.css]
[localhost/prueba01/wp-content/uploads/elementor/css/global69ad.css]
[localhost/prueba01/wp-content/uploads/2020/04/home_technics_slider_bg.jpg]
[localhost/prueba01/wp-content/uploads/elementor/css/post-2686a.css]
[localhost/prueba01/wp-content/uploads/elementor/css/post-249930.css]
[localhost/prueba01/nosotros/feed/index.html]
[localhost/prueba01/wp-json/oembed/1.0/embed3ce0.json]
[localhost/prueba01/wp-json/oembed/1.0/embeda7bb]
[localhost/prueba01/nosotros/index.html]
[localhost/prueba01/wp-admin/index.html]
[localhost/prueba01/wp-content/plugins/elementor/assets/lib/eicons/fonts/eicons2cbf.svg]
[localhost/prueba01/wp-content/uploads/elementor/css/post-178ae0.css]
[localhost/prueba01/indexd8eb.html]
[localhost/prueba01/wp-includes/js/zxcvbn-async.min5152.js]
[localhost/prueba01/wp-admin/js/password-strength-meter.min91d5.js]
[localhost/prueba01/wp-includes/js/underscore.min4511.js]
[localhost/prueba01/wp-includes/js/wp-util.min91d5.js]
[localhost/prueba01/wp-admin/js/user-profile.min91d5.js]
[localhost/prueba01/wp-login3356.html]
[localhost/prueba01/wp-includes/fonts/dashicons2ce6.eot]
[localhost/prueba01/wp-includes/fonts/dashicons2ce6.ttf]
[localhost/prueba01/wp-includes/css/dashicons.min91d5.css]
[localhost/prueba01/wp-includes/css/buttons.min91d5.css]
[localhost/prueba01/wp-admin/images/loading.gif]
[localhost/prueba01/wp-admin/css/forms.min91d5.css]
[localhost/prueba01/wp-admin/css/l10n.min91d5.css]
[localhost/prueba01/wp-admin/images/w-logo-blue7a53.png]
[localhost/prueba01/wp-admin/css/login.min91d5.css]
[localhost/prueba01/wp-loginc2b6.html]
[localhost/prueba01/wp-admin/images/wordpress-logo7d6b.svg]
[localhost/prueba01/wp-login.html]
