[backblue.gif]
[fade.gif]
[index.html]
[localhost/assure/feed/index.html]
[localhost/assure/comments/feed/index.html]
[localhost/assure/sample-page/feed/index.html]
[localhost/assure/wp-includes/js/jquery/jquery4a5f.js]
[localhost/assure/wp-includes/js/jquery/jquery-migrate.min330a.js]
[localhost/assure/wp-content/plugins/revslider/public/assets/js/revolution.tools.minf049.js]
[localhost/assure/wp-content/plugins/revslider/public/assets/js/rs6.minfc7a.js]
[localhost/assure/wp-content/plugins/sticky-header-effects-for-elementor/assets/js/she-header9e1e.js]
[localhost/assure/xmlrpc0db0.php]
[localhost/assure/wp-json/index.html]
[localhost/assure/wp-includes/wlwmanifest.xml]
[localhost/assure/wp-json/oembed/1.0/embed88df.json]
[localhost/assure/wp-json/oembed/1.0/embed5440]
[localhost/assure/wp-content/uploads/2019/11/cropped-favicon-32x32.png]
[localhost/assure/wp-content/uploads/2019/11/cropped-favicon-192x192.png]
[localhost/assure/wp-content/uploads/2019/11/cropped-favicon-180x180.png]
[localhost/assure/wp-content/plugins/revslider/public/assets/assets/transparent.png]
[localhost/assure/wp-content/uploads/2019/11/familia.png]
[localhost/assure/wp-content/uploads/2019/11/banner-niños-2020-xp.png]
[localhost/assure/wp-content/uploads/2019/11/abuelos.png]
[localhost/assure/wp-content/uploads/2019/11/1-gafas-realidad-aumentada-300x150.jpg]
[localhost/assure/wp-content/uploads/2019/11/1-salud-bucal-verano-300x150.jpg]
[localhost/assure/wp-content/uploads/2019/11/hipersensibilidad-dentinaria-300x150.jpg]
[localhost/assure/wp-content/uploads/2019/11/limpieza-dental-aparatos-300x150.jpg]
[localhost/assure/wp-content/uploads/elementor/thumbs/ico-1-ohn6im99xtqerkqvcyl2cb7xuwfca2qzza79ibttz4.png]
[localhost/assure/wp-content/plugins/clever-mega-menu-for-elementor-pro/assets/frontend/js/cmm4e.min97de.js]
[localhost/assure/wp-includes/js/wp-embed.min91d5.js]
[localhost/assure/wp-includes/js/imagesloaded.min55a0.js]
[localhost/assure/wp-content/plugins/bdthemes-element-pack-master/assets/js/bdt-uikit.min677a.js]
[localhost/assure/wp-content/plugins/elementor/assets/js/frontend-modules.min206d.js]
[localhost/assure/wp-includes/js/jquery/ui/position.mine899.js]
[localhost/assure/wp-content/plugins/elementor/assets/lib/dialog/dialog.minfe9d.js]
[localhost/assure/wp-content/plugins/elementor/assets/lib/waypoints/waypoints.min05da.js]
[localhost/assure/wp-content/plugins/elementor/assets/lib/swiper/swiper.min4f24.js]
[localhost/assure/wp-content/plugins/elementor/assets/js/frontend.min206d.js]
[localhost/assure/wp-content/plugins/bdthemes-element-pack-master/assets/js/element-pack-site.min677a.js]
[localhost/assure/wp-content/plugins/elementor-pro/assets/lib/sticky/jquery.sticky.mineed8.js]
[localhost/assure/wp-content/plugins/elementor-pro/assets/js/frontend.mineed8.js]
[localhost/assure/index.html]
[localhost/assure/wp-content/plugins/bdthemes-element-pack-master/assets/css/element-pack-site677a.css]
[localhost/assure/wp-includes/css/dist/block-library/style.min91d5.css]
[localhost/assure/wp-content/plugins/revslider/public/assets/fonts/revicons/revicons90c6.eot]
[localhost/assure/wp-content/plugins/revslider/public/assets/fonts/revicons/revicons90c6.woff]
[localhost/assure/wp-content/plugins/revslider/public/assets/fonts/revicons/revicons90c6.ttf]
[localhost/assure/wp-content/plugins/revslider/public/assets/assets/gridtile.png]
[localhost/assure/wp-content/plugins/revslider/public/assets/assets/gridtile_white.png]
[localhost/assure/wp-content/plugins/revslider/public/assets/assets/gridtile_3x3.png]
[localhost/assure/wp-content/plugins/revslider/public/assets/assets/gridtile_3x3_white.png]
[localhost/assure/wp-content/plugins/revslider/public/assets/assets/coloredbg.png]
[localhost/assure/wp-content/plugins/revslider/public/assets/css/rs6fc7a.css]
[localhost/assure/wp-content/plugins/revslider/public/assets/assets/loader.gif]
[localhost/assure/wp-content/themes/hello-elementor/style.min3601.css]
[localhost/assure/wp-content/themes/hello-elementor/theme.min3601.css]
[localhost/assure/wp-content/plugins/elementor/assets/lib/eicons/fonts/eicons4310.eot]
[localhost/assure/wp-content/plugins/elementor/assets/lib/eicons/fonts/eicons4310.woff2]
[localhost/assure/wp-content/plugins/elementor/assets/lib/eicons/fonts/eicons4310.woff]
[localhost/assure/wp-content/plugins/elementor/assets/lib/eicons/fonts/eicons4310.ttf]
[localhost/assure/wp-content/plugins/elementor/assets/lib/eicons/css/elementor-icons.min6104.css]
[localhost/assure/wp-content/plugins/elementor/assets/lib/animations/animations.min206d.css]
[localhost/assure/wp-content/plugins/elementor/assets/css/frontend.min206d.css]
[localhost/assure/wp-content/plugins/elementor-pro/assets/css/frontend.mineed8.css]
[localhost/assure/wp-content/plugins/sticky-header-effects-for-elementor/assets/css/she-header-style9e1e.css]
[localhost/assure/wp-content/uploads/elementor/css/global10d3.css]
[localhost/assure/wp-content/uploads/elementor/css/post-2b377.css]
[localhost/assure/wp-content/uploads/elementor/css/post-25d21d.css]
[localhost/assure/wp-content/uploads/elementor/css/post-311783a.css]
[localhost/assure/wp-content/plugins/clever-mega-menu-for-elementor-pro/assets/vendor/font-awesome/fonts/fontawesome-webfont3e6e.eot]
[localhost/assure/wp-content/plugins/clever-mega-menu-for-elementor-pro/assets/vendor/font-awesome/fonts/fontawesome-webfontd41d.eot]
[localhost/assure/wp-content/plugins/clever-mega-menu-for-elementor-pro/assets/vendor/font-awesome/fonts/fontawesome-webfont3e6e.woff2]
[localhost/assure/wp-content/plugins/clever-mega-menu-for-elementor-pro/assets/vendor/font-awesome/fonts/fontawesome-webfont3e6e.woff]
[localhost/assure/wp-content/plugins/clever-mega-menu-for-elementor-pro/assets/vendor/font-awesome/fonts/fontawesome-webfont3e6e.ttf]
[localhost/assure/wp-content/plugins/clever-mega-menu-for-elementor-pro/assets/vendor/font-awesome/font-awesome.min1849.css]
[localhost/assure/wp-content/plugins/clever-mega-menu-for-elementor-pro/assets/vendor/cleverfont/fonts/cleversoftd476.eot]
[localhost/assure/wp-content/plugins/clever-mega-menu-for-elementor-pro/assets/vendor/cleverfont/fonts/cleversoftd476.woff2]
[localhost/assure/wp-content/plugins/clever-mega-menu-for-elementor-pro/assets/vendor/cleverfont/fonts/cleversoftd476.ttf]
[localhost/assure/wp-content/plugins/clever-mega-menu-for-elementor-pro/assets/vendor/cleverfont/fonts/cleversoftd476.woff]
[localhost/assure/wp-content/plugins/clever-mega-menu-for-elementor-pro/assets/vendor/cleverfont/style.min3aa8.css]
[localhost/assure/wp-content/uploads/cmm4e/cmm4e-menu-skin-mega-menu.min97de.css]
[localhost/assure/wp-content/plugins/elementor/assets/lib/font-awesome/css/fontawesome.minad76.css]
[localhost/assure/wp-content/plugins/elementor/assets/lib/font-awesome/webfonts/fa-solid-900.eot]
[localhost/assure/wp-content/plugins/elementor/assets/lib/font-awesome/webfonts/fa-solid-900.woff2]
[localhost/assure/wp-content/plugins/elementor/assets/lib/font-awesome/webfonts/fa-solid-900d41d.eot]
[localhost/assure/wp-content/plugins/elementor/assets/lib/font-awesome/webfonts/fa-solid-900.woff]
[localhost/assure/wp-content/plugins/elementor/assets/lib/font-awesome/webfonts/fa-solid-900.ttf]
[localhost/assure/wp-content/plugins/elementor/assets/lib/font-awesome/css/solid.minad76.css]
[localhost/assure/wp-content/plugins/elementor/assets/lib/font-awesome/webfonts/fa-brands-400.eot]
[localhost/assure/wp-content/plugins/elementor/assets/lib/font-awesome/webfonts/fa-brands-400.woff2]
[localhost/assure/wp-content/plugins/elementor/assets/lib/font-awesome/webfonts/fa-brands-400d41d.eot]
[localhost/assure/wp-content/plugins/elementor/assets/lib/font-awesome/webfonts/fa-brands-400.woff]
[localhost/assure/wp-content/plugins/elementor/assets/lib/font-awesome/webfonts/fa-brands-400.ttf]
[localhost/assure/wp-content/plugins/elementor/assets/lib/font-awesome/css/brands.minad76.css]
[localhost/assure/wp-content/uploads/2019/11/assure-2020-logo-top-header.svg]
[localhost/assure/wp-json/oembed/1.0/embeddc83.json]
[localhost/assure/wp-json/oembed/1.0/embedca0d]
[localhost/assure/nuestros-programas/index.html]
[localhost/assure/wp-content/uploads/2019/11/assure-sub-1.svg]
[localhost/assure/wp-json/oembed/1.0/embed1d0a.json]
[localhost/assure/wp-json/oembed/1.0/embede1c0]
[localhost/assure/wp-content/uploads/2019/11/Group-1180.png]
[localhost/assure/programa-familiar/index.html]
[localhost/assure/wp-content/uploads/2019/11/assure-sub-2.svg]
[localhost/assure/wp-json/oembed/1.0/embedea97.json]
[localhost/assure/wp-json/oembed/1.0/embed0a86]
[localhost/assure/wp-content/uploads/2019/11/Group-1215.png]
[localhost/assure/programa-infantil/index.html]
[localhost/assure/wp-content/uploads/2019/11/assure-sub-3.svg]
[localhost/assure/wp-json/oembed/1.0/embed9883.json]
[localhost/assure/wp-json/oembed/1.0/embedfcba]
[localhost/assure/wp-content/uploads/2019/11/Group-1212.png]
[localhost/assure/programa-adulto-mayor/index.html]
[localhost/assure/wp-content/uploads/2019/11/assure-sub-4.svg]
[localhost/assure/wp-json/oembed/1.0/embed9529.json]
[localhost/assure/wp-json/oembed/1.0/embed7654]
[localhost/assure/wp-content/uploads/2019/11/Group-1217.png]
[localhost/assure/programa-personal/index.html]
[localhost/assure/wp-json/oembed/1.0/embed07d7.json]
[localhost/assure/wp-json/oembed/1.0/embed8526]
[localhost/assure/wp-content/uploads/elementor/thumbs/Group-688-ogu9cvmazs68beb7e1w5ng7sl0ywe0b5001uljby3e.png]
[localhost/assure/wp-content/uploads/2019/11/Group-688-300x261.png]
[localhost/assure/wp-content/uploads/2019/12/PP-01.png]
[localhost/assure/wp-content/uploads/2019/12/PP-02.png]
[localhost/assure/wp-content/uploads/2019/12/PP-03.png]
[localhost/assure/wp-content/uploads/2019/12/PP-04.png]
[localhost/assure/promociones/index.html]
[localhost/assure/wp-json/oembed/1.0/embede297.json]
[localhost/assure/wp-json/oembed/1.0/embed08af]
[localhost/assure/wp-content/uploads/2019/11/Group-1201.png]
[localhost/assure/centro-de-ayuda/index.html]
[localhost/assure/wp-json/oembed/1.0/embed02e2.json]
[localhost/assure/wp-json/oembed/1.0/embed6511]
[localhost/assure/noticias/index.html]
[localhost/assure/wp-content/uploads/2019/11/assure-programa-familiar-home-2020.svg]
[localhost/assure/wp-content/uploads/2019/11/assure-programa-infantil-home-2020-.svg]
[localhost/assure/wp-content/uploads/2019/11/assure-programa-adulto-mayor-home-2020.svg]
[localhost/assure/wp-content/uploads/2019/11/assure-programa-personal-home-2020.svg]
[localhost/assure/wp-json/oembed/1.0/embed8b63.json]
[localhost/assure/wp-json/oembed/1.0/embed3487]
[localhost/assure/preguntas-frecuentes/index.html]
[localhost/assure/wp-content/uploads/2019/11/assure-descanso-01.svg]
[localhost/assure/wp-json/oembed/1.0/embed971b.json]
[localhost/assure/wp-json/oembed/1.0/embed78dc]
[localhost/assure/wp-content/uploads/2019/11/Group-668.png]
[localhost/assure/wp-content/plugins/bdthemes-element-pack-master/assets/js/bdt-uikit-icons.min19ce.js]
[localhost/assure/afiliate-al-programa-familiar/index.html]
[localhost/assure/wp-json/oembed/1.0/embed431b.json]
[localhost/assure/wp-json/oembed/1.0/embed7c30]
[localhost/assure/wp-content/uploads/elementor/thumbs/Group-1222-ogvcm6s3gst1qway71p4t6sg33psgaxlqss30v7gu8.png]
[localhost/assure/afiliate-al-programa-adulto-mayor/index.html]
[localhost/assure/wp-json/oembed/1.0/embed2436.json]
[localhost/assure/wp-json/oembed/1.0/embed6fb9]
[localhost/assure/wp-content/uploads/elementor/thumbs/Group-1223-ogvcuo9rfg3cfmhk2yp816nggxxklr0a95vzcy527c.png]
[localhost/assure/afiliate-al-programa-infantil/index.html]
[localhost/assure/wp-content/uploads/2019/11/DR-home.svg]
[localhost/assure/wp-json/oembed/1.0/embedc826.json]
[localhost/assure/wp-json/oembed/1.0/embed75ce]
[localhost/assure/unete-a-la-red/index.html]
[localhost/assure/wp-json/oembed/1.0/embed615f.json]
[localhost/assure/uncategorized/gafas-de-realidad-aumentada-en-la-consulta-dental/feed/index.html]
[localhost/assure/wp-json/oembed/1.0/embed8df8]
[localhost/assure/uncategorized/gafas-de-realidad-aumentada-en-la-consulta-dental/index.html]
[localhost/assure/wp-content/plugins/elementor-pro/assets/lib/social-share/social-share.minddf8.js]
[localhost/assure/uncategorized/como-mantener-una-boca-sana-en-verano/feed/index.html]
[localhost/assure/wp-json/oembed/1.0/embed2cac.json]
[localhost/assure/uncategorized/como-mantener-una-boca-sana-en-verano/index.html]
[localhost/assure/wp-json/oembed/1.0/embed2451]
[localhost/assure/uncategorized/por-que-tenemos-hipersensibilidad-dentinaria/feed/index.html]
[localhost/assure/wp-json/oembed/1.0/embed33d0.json]
[localhost/assure/wp-json/oembed/1.0/embed7505]
[localhost/assure/uncategorized/por-que-tenemos-hipersensibilidad-dentinaria/index.html]
[localhost/assure/uncategorized/hello-world/feed/index.html]
[localhost/assure/wp-json/oembed/1.0/embed27a9.json]
[localhost/assure/wp-json/oembed/1.0/embed74dd]
[localhost/assure/uncategorized/hello-world/index.html]
[localhost/assure/wp-content/uploads/2019/11/assure-boton-whassap-2020.svg]
[localhost/assure/wp-content/uploads/2019/11/assure-2020-logo-footer.svg]
[localhost/assure/wp-content/uploads/2019/11/assure-mujer-contact.svg]
[localhost/assure/wp-content/uploads/elementor/css/post-107a089.css]
[localhost/assure/wp-content/plugins/bdthemes-element-pack-master/images/backgrounds/divider-icon.html]
[localhost/assure/wp-content/plugins/bdthemes-element-pack-master/images/backgrounds/list-bullet.html]
[localhost/assure/wp-content/plugins/bdthemes-element-pack-master/assets/css/images/layers.html]
[localhost/assure/wp-content/plugins/bdthemes-element-pack-master/assets/css/images/layers-2x.html]
[localhost/assure/wp-content/plugins/bdthemes-element-pack-master/assets/css/images/marker-icon.html]
[localhost/assure/wp-content/plugins/bdthemes-element-pack-master/assets/images/arrow-left.svg]
[localhost/assure/wp-content/plugins/bdthemes-element-pack-master/assets/images/arrow-right.svg]
[localhost/assure/wp-content/plugins/woocommerce/assets/fonts/star.html]
[localhost/assure/wp-content/plugins/woocommerce/assets/fonts/stard41d.html]
[localhost/assure/wp-content/plugins/woocommerce/assets/fonts/star-2.html]
[localhost/assure/wp-content/plugins/woocommerce/assets/fonts/star-3.html]
[localhost/assure/wp-content/plugins/woocommerce/assets/fonts/star-4.html]
[localhost/assure/wp-content/plugins/bdthemes-element-pack-master/assets/images/loading.svg]
[localhost/assure/wp-content/plugins/revslider/public/assets/fonts/revicons/revicons90c6.svg]
[localhost/assure/wp-content/plugins/revslider/public/assets/css/openhand.html]
[localhost/assure/wp-content/plugins/revslider/public/assets/css/closedhand.html]
[localhost/assure/wp-content/plugins/elementor/assets/lib/eicons/fonts/eicons4310.svg]
[localhost/assure/wp-content/plugins/clever-mega-menu-for-elementor-pro/assets/vendor/font-awesome/fonts/fontawesome-webfont3e6e.svg]
[localhost/assure/wp-content/plugins/clever-mega-menu-for-elementor-pro/assets/vendor/cleverfont/fonts/cleversoftd476.svg]
[localhost/assure/wp-content/plugins/elementor/assets/lib/font-awesome/webfonts/fa-solid-900.svg]
[localhost/assure/wp-content/plugins/elementor/assets/lib/font-awesome/webfonts/fa-brands-400.svg]
[localhost/assure/wp-content/uploads/elementor/css/post-12ebdd.css]
[localhost/assure/index678b.html]
[localhost/assure/wp-content/uploads/elementor/css/post-308dc83.css]
[localhost/assure/indexf454.html]
[localhost/assure/wp-content/uploads/2019/11/assure-prevencion-2020.svg]
[localhost/assure/wp-content/uploads/2019/11/assure-ahorro-2020.svg]
[localhost/assure/wp-content/uploads/2019/11/assure-sonrisa-2020.svg]
[localhost/assure/wp-content/uploads/elementor/css/post-751ec5e.css]
[localhost/assure/indexf294.html]
[localhost/assure/wp-content/uploads/elementor/css/post-7442a42.css]
[localhost/assure/index664b.html]
[localhost/assure/wp-content/uploads/elementor/css/post-76385c9.css]
[localhost/assure/indexa2f3.html]
[localhost/assure/wp-json/oembed/1.0/embed75e1.json]
[localhost/assure/wp-json/oembed/1.0/embedab73]
[localhost/assure/wp-content/uploads/elementor/thumbs/Group-1224-ogvd2dk162ytp4sfo1ltr3q8dzxd0n76mx94kf7dog.png]
[localhost/assure/afiliate-al-programa-personal/index.html]
[localhost/assure/wp-content/uploads/elementor/css/post-159b07.css]
[localhost/assure/indexa1ca.html]
[localhost/assure/wp-content/uploads/elementor/css/post-4689e7a.css]
[localhost/assure/index4c66.html]
[localhost/assure/wp-content/uploads/2019/12/RV-logo.svg]
[localhost/assure/wp-content/uploads/elementor/css/post-470aab0.css]
[localhost/assure/index1beb.html]
[localhost/assure/wp-content/uploads/elementor/css/post-1183819e.css]
[localhost/assure/index6836.html]
[localhost/assure/wp-content/uploads/elementor/css/post-535140a.css]
[localhost/assure/index5ff4.html]
[localhost/assure/wp-content/uploads/elementor/css/post-7771140.css]
[localhost/assure/indexf9b5.html]
[localhost/assure/wp-content/uploads/elementor/css/post-77132e9.css]
[localhost/assure/index7d87.html]
[localhost/assure/wp-content/uploads/elementor/css/post-11899a56.css]
[localhost/assure/indexd5ec.html]
[assure.pe/wp-content/uploads/2019/11/1-gafas-realidad-aumentada.jpg]
[localhost/assure/wp-content/uploads/elementor/css/post-409daa9.css]
[localhost/assure/indexe145.html]
[localhost/assure/wp-content/uploads/2019/11/1-gafas-realidad-aumentada.jpg]
[localhost/assure/wp-content/uploads/2019/11/1-salud-bucal-verano.jpg]
[localhost/assure/wp-content/uploads/2019/11/hipersensibilidad-dentinaria.jpg]
[localhost/assure/2019/11/12/index.html]
[assure.pe/wp-content/uploads/2019/11/1-salud-bucal-verano.jpg]
[localhost/assure/wp-content/uploads/elementor/css/post-4059a04.css]
[localhost/assure/index4efb.html]
[assure.pe/wp-content/uploads/2019/11/hipersensibilidad-dentinaria.jpg]
[localhost/assure/wp-content/uploads/elementor/css/post-3968f15.css]
[localhost/assure/index2e25.html]
[assure.pe/wp-content/uploads/2019/11/limpieza-dental-aparatos.jpg]
[localhost/assure/wp-content/uploads/elementor/css/post-10be3.css]
[localhost/assure/indexcff1.html]
[localhost/assure/wp-content/uploads/2019/11/limpieza-dental-aparatos.jpg]
[localhost/assure/2019/11/07/index.html]
[localhost/assure/wp-content/uploads/elementor/css/post-785c927.css]
[localhost/assure/index6996.html]
